
> tianshu@0.1.0 dev
> next dev -H 0.0.0.0 -p 3001

  ▲ Next.js 14.2.35
  - Local:        http://localhost:3001
  - Network:      http://0.0.0.0:3001
  - Environments: .env.local, .env

 ✓ Starting...
 ✓ Ready in 2.7s
 ✓ Compiled /api/generate in 193ms (36 modules)
 ⨯ TypeError: Cannot read properties of undefined (reading 'bind')
    at qi (E:\vibe-coding\Tianshu\node_modules\@prisma\client\runtime\library.js:29:13283)
    at new t (E:\vibe-coding\Tianshu\node_modules\@prisma\client\runtime\library.js:130:1251)
    at createPrisma (webpack-internal:///(rsc)/./src/lib/prisma.ts:21:16)
    at eval (webpack-internal:///(rsc)/./src/lib/prisma.ts:28:42)
    at (rsc)/./src/lib/prisma.ts (E:\vibe-coding\Tianshu\.next\server\app\api\generate\route.js:112:1)
    at __webpack_require__ (E:\vibe-coding\Tianshu\.next\server\webpack-runtime.js:33:42)
    at eval (webpack-internal:///(rsc)/./src/lib/prompt-builder.ts:5:65)
    at (rsc)/./src/lib/prompt-builder.ts (E:\vibe-coding\Tianshu\.next\server\app\api\generate\route.js:122:1)
    at __webpack_require__ (E:\vibe-coding\Tianshu\.next\server\webpack-runtime.js:33:42)
    at eval (webpack-internal:///(rsc)/./src/app/api/generate/route.ts:5:77)
    at (rsc)/./src/app/api/generate/route.ts (E:\vibe-coding\Tianshu\.next\server\app\api\generate\route.js:82:1)
    at __webpack_require__ (E:\vibe-coding\Tianshu\.next\server\webpack-runtime.js:33:42)
    at eval (webpack-internal:///(rsc)/./node_modules/next/dist/build/webpack/loaders/next-app-loader.js?name=app%2Fapi%2Fgenerate%2Froute&page=%2Fapi%2Fgenerate%2Froute&appPaths=&pagePath=private-next-app-dir%2Fapi%2Fgenerate%2Froute.ts&appDir=E%3A%5Cvibe-coding%5CTianshu%5Csrc%5Capp&pageExtensions=tsx&pageExtensions=ts&pageExtensions=jsx&pageExtensions=js&rootDir=E%3A%5Cvibe-coding%5CTianshu&isDev=true&tsconfigPath=tsconfig.json&basePath=&assetPrefix=&nextConfigOutput=&preferredRegion=&middlewareConfig=e30%3D!:15:109)
    at (rsc)/./node_modules/next/dist/build/webpack/loaders/next-app-loader.js?name=app%2Fapi%2Fgenerate%2Froute&page=%2Fapi%2Fgenerate%2Froute&appPaths=&pagePath=private-next-app-dir%2Fapi%2Fgenerate%2Froute.ts&appDir=E%3A%5Cvibe-coding%5CTianshu%5Csrc%5Capp&pageExtensions=tsx&pageExtensions=ts&pageExtensions=jsx&pageExtensions=js&rootDir=E%3A%5Cvibe-coding%5CTianshu&isDev=true&tsconfigPath=tsconfig.json&basePath=&assetPrefix=&nextConfigOutput=&preferredRegion=&middlewareConfig=e30%3D! (E:\vibe-coding\Tianshu\.next\server\app\api\generate\route.js:72:1)
    at __webpack_require__ (E:\vibe-coding\Tianshu\.next\server\webpack-runtime.js:33:42)
    at __webpack_exec__ (E:\vibe-coding\Tianshu\.next\server\app\api\generate\route.js:132:39)
    at E:\vibe-coding\Tianshu\.next\server\app\api\generate\route.js:133:83
    at __webpack_require__.X (E:\vibe-coding\Tianshu\.next\server\webpack-runtime.js:116:21)
    at E:\vibe-coding\Tianshu\.next\server\app\api\generate\route.js:133:47
    at Object.<anonymous> (E:\vibe-coding\Tianshu\.next\server\app\api\generate\route.js:136:3)
    at Module._compile (node:internal/modules/cjs/loader:1706:14)
    at Object..js (node:internal/modules/cjs/loader:1839:10)
    at Module.load (node:internal/modules/cjs/loader:1441:32)
    at Function._load (node:internal/modules/cjs/loader:1263:12)
    at TracingChannel.traceSync (node:diagnostics_channel:322:14)
    at wrapModuleLoad (node:internal/modules/cjs/loader:237:24)
    at Module.<anonymous> (node:internal/modules/cjs/loader:1463:12)
    at mod.require (E:\vibe-coding\Tianshu\node_modules\next\dist\server\require-hook.js:65:28)
    at require (node:internal/modules/helpers:147:16)
    at requirePage (E:\vibe-coding\Tianshu\node_modules\next\dist\server\require.js:109:84)
    at E:\vibe-coding\Tianshu\node_modules\next\dist\server\load-components.js:103:84
    at async loadComponentsImpl (E:\vibe-coding\Tianshu\node_modules\next\dist\server\load-components.js:103:26)
    at async DevServer.findPageComponentsImpl (E:\vibe-coding\Tianshu\node_modules\next\dist\server\next-server.js:714:36)
    at async DevServer.findPageComponents (E:\vibe-coding\Tianshu\node_modules\next\dist\server\dev\next-dev-server.js:577:20)
    at async DevServer.renderPageComponent (E:\vibe-coding\Tianshu\node_modules\next\dist\server\base-server.js:1910:24)
    at async DevServer.renderToResponseImpl (E:\vibe-coding\Tianshu\node_modules\next\dist\server\base-server.js:1962:32)
    at async DevServer.pipeImpl (E:\vibe-coding\Tianshu\node_modules\next\dist\server\base-server.js:922:25)
    at async NextNodeServer.handleCatchallRenderRequest (E:\vibe-coding\Tianshu\node_modules\next\dist\server\next-server.js:272:17)
    at async DevServer.handleRequestImpl (E:\vibe-coding\Tianshu\node_modules\next\dist\server\base-server.js:818:17)
    at async E:\vibe-coding\Tianshu\node_modules\next\dist\server\dev\next-dev-server.js:339:20
    at async Span.traceAsyncFn (E:\vibe-coding\Tianshu\node_modules\next\dist\trace\trace.js:154:20)
    at async DevServer.handleRequest (E:\vibe-coding\Tianshu\node_modules\next\dist\server\dev\next-dev-server.js:336:24)
    at async invokeRender (E:\vibe-coding\Tianshu\node_modules\next\dist\server\lib\router-server.js:179:21)
    at async handleRequest (E:\vibe-coding\Tianshu\node_modules\next\dist\server\lib\router-server.js:359:24)
    at async requestHandlerImpl (E:\vibe-coding\Tianshu\node_modules\next\dist\server\lib\router-server.js:383:13)
    at async Server.requestListener (E:\vibe-coding\Tianshu\node_modules\next\dist\server\lib\start-server.js:141:13) {
  page: '/api/generate'
}
 ○ Compiling /_error ...
 ✓ Compiled /_error in 3.2s (467 modules)
 POST /api/generate 500 in 3900ms
 ⨯ TypeError: Cannot read properties of undefined (reading 'bind')
    at qi (E:\vibe-coding\Tianshu\node_modules\@prisma\client\runtime\library.js:29:13283)
    at new t (E:\vibe-coding\Tianshu\node_modules\@prisma\client\runtime\library.js:130:1251)
    at createPrisma (webpack-internal:///(rsc)/./src/lib/prisma.ts:21:16)
    at eval (webpack-internal:///(rsc)/./src/lib/prisma.ts:28:42)
    at (rsc)/./src/lib/prisma.ts (E:\vibe-coding\Tianshu\.next\server\app\api\generate\route.js:112:1)
    at __webpack_require__ (E:\vibe-coding\Tianshu\.next\server\webpack-runtime.js:33:42)
    at eval (webpack-internal:///(rsc)/./src/lib/prompt-builder.ts:5:65)
    at (rsc)/./src/lib/prompt-builder.ts (E:\vibe-coding\Tianshu\.next\server\app\api\generate\route.js:122:1)
    at __webpack_require__ (E:\vibe-coding\Tianshu\.next\server\webpack-runtime.js:33:42)
    at eval (webpack-internal:///(rsc)/./src/app/api/generate/route.ts:5:77)
    at (rsc)/./src/app/api/generate/route.ts (E:\vibe-coding\Tianshu\.next\server\app\api\generate\route.js:82:1)
    at __webpack_require__ (E:\vibe-coding\Tianshu\.next\server\webpack-runtime.js:33:42)
    at eval (webpack-internal:///(rsc)/./node_modules/next/dist/build/webpack/loaders/next-app-loader.js?name=app%2Fapi%2Fgenerate%2Froute&page=%2Fapi%2Fgenerate%2Froute&appPaths=&pagePath=private-next-app-dir%2Fapi%2Fgenerate%2Froute.ts&appDir=E%3A%5Cvibe-coding%5CTianshu%5Csrc%5Capp&pageExtensions=tsx&pageExtensions=ts&pageExtensions=jsx&pageExtensions=js&rootDir=E%3A%5Cvibe-coding%5CTianshu&isDev=true&tsconfigPath=tsconfig.json&basePath=&assetPrefix=&nextConfigOutput=&preferredRegion=&middlewareConfig=e30%3D!:15:109)
    at (rsc)/./node_modules/next/dist/build/webpack/loaders/next-app-loader.js?name=app%2Fapi%2Fgenerate%2Froute&page=%2Fapi%2Fgenerate%2Froute&appPaths=&pagePath=private-next-app-dir%2Fapi%2Fgenerate%2Froute.ts&appDir=E%3A%5Cvibe-coding%5CTianshu%5Csrc%5Capp&pageExtensions=tsx&pageExtensions=ts&pageExtensions=jsx&pageExtensions=js&rootDir=E%3A%5Cvibe-coding%5CTianshu&isDev=true&tsconfigPath=tsconfig.json&basePath=&assetPrefix=&nextConfigOutput=&preferredRegion=&middlewareConfig=e30%3D! (E:\vibe-coding\Tianshu\.next\server\app\api\generate\route.js:72:1)
    at __webpack_require__ (E:\vibe-coding\Tianshu\.next\server\webpack-runtime.js:33:42)
    at __webpack_exec__ (E:\vibe-coding\Tianshu\.next\server\app\api\generate\route.js:132:39)
    at E:\vibe-coding\Tianshu\.next\server\app\api\generate\route.js:133:83
    at __webpack_require__.X (E:\vibe-coding\Tianshu\.next\server\webpack-runtime.js:116:21)
    at E:\vibe-coding\Tianshu\.next\server\app\api\generate\route.js:133:47
    at Object.<anonymous> (E:\vibe-coding\Tianshu\.next\server\app\api\generate\route.js:136:3)
    at Module._compile (node:internal/modules/cjs/loader:1706:14)
    at Object..js (node:internal/modules/cjs/loader:1839:10)
    at Module.load (node:internal/modules/cjs/loader:1441:32)
    at Function._load (node:internal/modules/cjs/loader:1263:12)
    at TracingChannel.traceSync (node:diagnostics_channel:322:14)
    at wrapModuleLoad (node:internal/modules/cjs/loader:237:24)
    at Module.<anonymous> (node:internal/modules/cjs/loader:1463:12)
    at mod.require (E:\vibe-coding\Tianshu\node_modules\next\dist\server\require-hook.js:65:28)
    at require (node:internal/modules/helpers:147:16)
    at requirePage (E:\vibe-coding\Tianshu\node_modules\next\dist\server\require.js:109:84)
    at E:\vibe-coding\Tianshu\node_modules\next\dist\server\load-components.js:103:84
    at async loadComponentsImpl (E:\vibe-coding\Tianshu\node_modules\next\dist\server\load-components.js:103:26)
    at async DevServer.findPageComponentsImpl (E:\vibe-coding\Tianshu\node_modules\next\dist\server\next-server.js:714:36)
    at async DevServer.findPageComponents (E:\vibe-coding\Tianshu\node_modules\next\dist\server\dev\next-dev-server.js:577:20)
    at async DevServer.renderPageComponent (E:\vibe-coding\Tianshu\node_modules\next\dist\server\base-server.js:1910:24)
    at async DevServer.renderToResponseImpl (E:\vibe-coding\Tianshu\node_modules\next\dist\server\base-server.js:1962:32)
    at async DevServer.pipeImpl (E:\vibe-coding\Tianshu\node_modules\next\dist\server\base-server.js:922:25)
    at async NextNodeServer.handleCatchallRenderRequest (E:\vibe-coding\Tianshu\node_modules\next\dist\server\next-server.js:272:17)
    at async DevServer.handleRequestImpl (E:\vibe-coding\Tianshu\node_modules\next\dist\server\base-server.js:818:17)
    at async E:\vibe-coding\Tianshu\node_modules\next\dist\server\dev\next-dev-server.js:339:20
    at async Span.traceAsyncFn (E:\vibe-coding\Tianshu\node_modules\next\dist\trace\trace.js:154:20)
    at async DevServer.handleRequest (E:\vibe-coding\Tianshu\node_modules\next\dist\server\dev\next-dev-server.js:336:24)
    at async invokeRender (E:\vibe-coding\Tianshu\node_modules\next\dist\server\lib\router-server.js:179:21)
    at async handleRequest (E:\vibe-coding\Tianshu\node_modules\next\dist\server\lib\router-server.js:359:24)
    at async requestHandlerImpl (E:\vibe-coding\Tianshu\node_modules\next\dist\server\lib\router-server.js:383:13)
    at async Server.requestListener (E:\vibe-coding\Tianshu\node_modules\next\dist\server\lib\start-server.js:141:13) {
  page: '/api/generate'
}
 POST /api/generate 500 in 51ms
 ⚠ Found a change in next.config.mjs. Restarting the server to apply the changes...
  ▲ Next.js 14.2.35
  - Local:        http://localhost:3001
  - Network:      http://0.0.0.0:3001
  - Environments: .env.local, .env

 ✓ Starting...
 ⚠ Invalid next.config.mjs options detected: 
 ⚠     Unrecognized key(s) in object: 'serverExternalPackages'
 ⚠ See more info here: https://nextjs.org/docs/messages/invalid-next-config
 ✓ Ready in 4s
   Reload env: .env.local
